Archive member included to satisfy reference by file (symbol)

c:/program files (x86)/atmel/studio/7.0/toolchain/avr8/avr8-gnu-toolchain/bin/../lib/gcc/avr/5.4.0/../../../../avr/lib/avr5\libm.a(fixunssfsi.o)
                              Temp.o (__fixunssfsi)
c:/program files (x86)/atmel/studio/7.0/toolchain/avr8/avr8-gnu-toolchain/bin/../lib/gcc/avr/5.4.0/../../../../avr/lib/avr5\libm.a(floatsisf.o)
                              Temp.o (__floatunsisf)
c:/program files (x86)/atmel/studio/7.0/toolchain/avr8/avr8-gnu-toolchain/bin/../lib/gcc/avr/5.4.0/../../../../avr/lib/avr5\libm.a(fp_split3.o)
                              c:/program files (x86)/atmel/studio/7.0/toolchain/avr8/avr8-gnu-toolchain/bin/../lib/gcc/avr/5.4.0/../../../../avr/lib/avr5\libm.a(fixunssfsi.o) (__fp_splitA)
c:/program files (x86)/atmel/studio/7.0/toolchain/avr8/avr8-gnu-toolchain/bin/../lib/gcc/avr/5.4.0/../../../../avr/lib/avr5\libm.a(fp_zero.o)
                              c:/program files (x86)/atmel/studio/7.0/toolchain/avr8/avr8-gnu-toolchain/bin/../lib/gcc/avr/5.4.0/../../../../avr/lib/avr5\libm.a(fixunssfsi.o) (__fp_zero)
c:/program files (x86)/atmel/studio/7.0/toolchain/avr8/avr8-gnu-toolchain/bin/../lib/gcc/avr/5.4.0/../../../../avr/lib/avr5\libm.a(mulsf3.o)
                              Temp.o (__mulsf3)
c:/program files (x86)/atmel/studio/7.0/toolchain/avr8/avr8-gnu-toolchain/bin/../lib/gcc/avr/5.4.0/../../../../avr/lib/avr5\libm.a(mulsf3x.o)
                              c:/program files (x86)/atmel/studio/7.0/toolchain/avr8/avr8-gnu-toolchain/bin/../lib/gcc/avr/5.4.0/../../../../avr/lib/avr5\libm.a(mulsf3.o) (__mulsf3x)
c:/program files (x86)/atmel/studio/7.0/toolchain/avr8/avr8-gnu-toolchain/bin/../lib/gcc/avr/5.4.0/../../../../avr/lib/avr5\libm.a(fp_inf.o)
                              c:/program files (x86)/atmel/studio/7.0/toolchain/avr8/avr8-gnu-toolchain/bin/../lib/gcc/avr/5.4.0/../../../../avr/lib/avr5\libm.a(mulsf3x.o) (__fp_inf)
c:/program files (x86)/atmel/studio/7.0/toolchain/avr8/avr8-gnu-toolchain/bin/../lib/gcc/avr/5.4.0/../../../../avr/lib/avr5\libm.a(fp_nan.o)
                              c:/program files (x86)/atmel/studio/7.0/toolchain/avr8/avr8-gnu-toolchain/bin/../lib/gcc/avr/5.4.0/../../../../avr/lib/avr5\libm.a(mulsf3x.o) (__fp_nan)
c:/program files (x86)/atmel/studio/7.0/toolchain/avr8/avr8-gnu-toolchain/bin/../lib/gcc/avr/5.4.0/../../../../avr/lib/avr5\libm.a(fp_pscA.o)
                              c:/program files (x86)/atmel/studio/7.0/toolchain/avr8/avr8-gnu-toolchain/bin/../lib/gcc/avr/5.4.0/../../../../avr/lib/avr5\libm.a(mulsf3x.o) (__fp_pscA)
c:/program files (x86)/atmel/studio/7.0/toolchain/avr8/avr8-gnu-toolchain/bin/../lib/gcc/avr/5.4.0/../../../../avr/lib/avr5\libm.a(fp_pscB.o)
                              c:/program files (x86)/atmel/studio/7.0/toolchain/avr8/avr8-gnu-toolchain/bin/../lib/gcc/avr/5.4.0/../../../../avr/lib/avr5\libm.a(mulsf3x.o) (__fp_pscB)
c:/program files (x86)/atmel/studio/7.0/toolchain/avr8/avr8-gnu-toolchain/bin/../lib/gcc/avr/5.4.0/../../../../avr/lib/avr5\libm.a(fp_round.o)
                              c:/program files (x86)/atmel/studio/7.0/toolchain/avr8/avr8-gnu-toolchain/bin/../lib/gcc/avr/5.4.0/../../../../avr/lib/avr5\libm.a(mulsf3.o) (__fp_round)
c:/program files (x86)/atmel/studio/7.0/toolchain/avr8/avr8-gnu-toolchain/bin/../lib/gcc/avr/5.4.0/avr5\libgcc.a(_exit.o)
                              C:/Program Files (x86)/Atmel/Studio/7.0/Packs/atmel/ATmega_DFP/1.2.209/gcc/dev/atmega32/avr5/crtatmega32.o (exit)
c:/program files (x86)/atmel/studio/7.0/toolchain/avr8/avr8-gnu-toolchain/bin/../lib/gcc/avr/5.4.0/avr5\libgcc.a(_tablejump2.o)
                              ADC_c.o (__tablejump2__)
c:/program files (x86)/atmel/studio/7.0/toolchain/avr8/avr8-gnu-toolchain/bin/../lib/gcc/avr/5.4.0/avr5\libgcc.a(_copy_data.o)
                              SSD.o (__do_copy_data)
c:/program files (x86)/atmel/studio/7.0/toolchain/avr8/avr8-gnu-toolchain/bin/../lib/gcc/avr/5.4.0/avr5\libgcc.a(_clear_bss.o)
                              Display.o (__do_clear_bss)
c:/program files (x86)/atmel/studio/7.0/toolchain/avr8/avr8-gnu-toolchain/bin/../lib/gcc/avr/5.4.0/avr5\libgcc.a(_umulhisi3.o)
                              Display.o (__umulhisi3)

Allocating common symbols
Common symbol       size              file

Static_CallBackRX   0x2               I2C.o
i2c_status          0x1               I2C.o
Static_callBackTx   0x2               I2C.o

Discarded input sections

 .data          0x00000000        0x0 C:/Program Files (x86)/Atmel/Studio/7.0/Packs/atmel/ATmega_DFP/1.2.209/gcc/dev/atmega32/avr5/crtatmega32.o
 .bss           0x00000000        0x0 C:/Program Files (x86)/Atmel/Studio/7.0/Packs/atmel/ATmega_DFP/1.2.209/gcc/dev/atmega32/avr5/crtatmega32.o
 .text          0x00000000        0x0 ADC_c.o
 .data          0x00000000        0x0 ADC_c.o
 .bss           0x00000000        0x0 ADC_c.o
 .text.ADC_Read
                0x00000000       0x1c ADC_c.o
 .text.ADC_ASY_Read
                0x00000000        0x4 ADC_c.o
 .text          0x00000000        0x0 DIO.o
 .data          0x00000000        0x0 DIO.o
 .bss           0x00000000        0x0 DIO.o
 .text.Get_Pin_state
                0x00000000       0x66 DIO.o
 .text.Port_Init
                0x00000000       0x20 DIO.o
 .text.Get_Port_state
                0x00000000       0x24 DIO.o
 .text          0x00000000        0x0 Display.o
 .data          0x00000000        0x0 Display.o
 .bss           0x00000000        0x0 Display.o
 .text          0x00000000        0x0 Elements.o
 .data          0x00000000        0x0 Elements.o
 .bss           0x00000000        0x0 Elements.o
 .text          0x00000000        0x0 External_EEPROM.o
 .data          0x00000000        0x0 External_EEPROM.o
 .bss           0x00000000        0x0 External_EEPROM.o
 .text          0x00000000        0x0 I2C.o
 .data          0x00000000        0x0 I2C.o
 .bss           0x00000000        0x0 I2C.o
 .text.I2C_TxWithInterrupt
                0x00000000        0x8 I2C.o
 .text.I2C_ReadWithACK
                0x00000000        0xe I2C.o
 .text.I2C_ReadWithACKAndInterrupt
                0x00000000        0x8 I2C.o
 .text.I2C_AssignCallBackRX
                0x00000000       0x10 I2C.o
 .text.I2C_AssignCallBackTx
                0x00000000        0xa I2C.o
 .text.i2c_disable_interrupt
                0x00000000        0x8 I2C.o
 .text          0x00000000        0x0 Led.o
 .data          0x00000000        0x0 Led.o
 .bss           0x00000000        0x0 Led.o
 .text          0x00000000        0x0 main.o
 .data          0x00000000        0x0 main.o
 .bss           0x00000000        0x0 main.o
 .text          0x00000000        0x0 SSD.o
 .data          0x00000000        0x0 SSD.o
 .bss           0x00000000        0x0 SSD.o
 .text          0x00000000        0x0 Sw.o
 .data          0x00000000        0x0 Sw.o
 .bss           0x00000000        0x0 Sw.o
 .text          0x00000000        0x0 Temp.o
 .data          0x00000000        0x0 Temp.o
 .bss           0x00000000        0x0 Temp.o
 .text          0x00000000        0x0 Temp_Setting.o
 .data          0x00000000        0x0 Temp_Setting.o
 .bss           0x00000000        0x0 Temp_Setting.o
 .text          0x00000000        0x0 Timers.o
 .data          0x00000000        0x0 Timers.o
 .bss           0x00000000        0x0 Timers.o
 .text.Timer0_Init
                0x00000000      0x142 Timers.o
 .progmem.gcc_sw_table.Timer0_Init
                0x00000000       0x10 Timers.o
 .text.Timer0_OVF_Interrupt_Status
                0x00000000       0x1a Timers.o
 .text.Timer0_CTC_Interrupt_Status
                0x00000000       0x1a Timers.o
 .text.Timer0_Set_Compare_Value
                0x00000000        0x4 Timers.o
 .text.Timer0_Set_OVF_Value
                0x00000000        0xc Timers.o
 .text.Timer0_GETCounter_Value
                0x00000000        0x8 Timers.o
 .text.Timer0_Get_Tov_Number
                0x00000000        0xa Timers.o
 .text.Timer0_Get_Ticks_Of_Sw_Counter
                0x00000000       0x16 Timers.o
 .text.Timer0_OVF_Set_Call_Back
                0x00000000        0xa Timers.o
 .text.Timer0_CTC_Set_Call_Back
                0x00000000        0xa Timers.o
 .text.TIMER1_STOP
                0x00000000        0x4 Timers.o
 .text.Timer1_ICR1_Edge_Select
                0x00000000       0x1a Timers.o
 .text.Timer1_Set_ICR_REG
                0x00000000        0x6 Timers.o
 .text.Timer1_ICU_Interrupt_State
                0x00000000       0x1a Timers.o
 .text.Timer1_CTC_OCR1B_Interrupt_State
                0x00000000       0x1a Timers.o
 .text.Timer1_OVF_Interrupt_State
                0x00000000       0x1a Timers.o
 .text.Timer1_OVF_Set_Call_Back
                0x00000000        0xa Timers.o
 .text.Timer1_CTC_OC1RB_Set_Call_Back
                0x00000000        0xa Timers.o
 .text.Timer1_ICU_Set_Call_Back
                0x00000000        0xa Timers.o
 .text.Timer1_Set_CTC_OCR_TOP
                0x00000000        0x8 Timers.o
 .text.Timer1_Set_CTC_ICU_TOP
                0x00000000        0x6 Timers.o
 .text          0x00000000        0x0 c:/program files (x86)/atmel/studio/7.0/toolchain/avr8/avr8-gnu-toolchain/bin/../lib/gcc/avr/5.4.0/../../../../avr/lib/avr5\libm.a(fixunssfsi.o)
 .data          0x00000000        0x0 c:/program files (x86)/atmel/studio/7.0/toolchain/avr8/avr8-gnu-toolchain/bin/../lib/gcc/avr/5.4.0/../../../../avr/lib/avr5\libm.a(fixunssfsi.o)
 .bss           0x00000000        0x0 c:/program files (x86)/atmel/studio/7.0/toolchain/avr8/avr8-gnu-toolchain/bin/../lib/gcc/avr/5.4.0/../../../../avr/lib/avr5\libm.a(fixunssfsi.o)
 .text          0x00000000        0x0 c:/program files (x86)/atmel/studio/7.0/toolchain/avr8/avr8-gnu-toolchain/bin/../lib/gcc/avr/5.4.0/../../../../avr/lib/avr5\libm.a(floatsisf.o)
 .data          0x00000000        0x0 c:/program files (x86)/atmel/studio/7.0/toolchain/avr8/avr8-gnu-toolchain/bin/../lib/gcc/avr/5.4.0/../../../../avr/lib/avr5\libm.a(floatsisf.o)
 .bss           0x00000000        0x0 c:/program files (x86)/atmel/studio/7.0/toolchain/avr8/avr8-gnu-toolchain/bin/../lib/gcc/avr/5.4.0/../../../../avr/lib/avr5\libm.a(floatsisf.o)
 .text          0x00000000        0x0 c:/program files (x86)/atmel/studio/7.0/toolchain/avr8/avr8-gnu-toolchain/bin/../lib/gcc/avr/5.4.0/../../../../avr/lib/avr5\libm.a(fp_split3.o)
 .data          0x00000000        0x0 c:/program files (x86)/atmel/studio/7.0/toolchain/avr8/avr8-gnu-toolchain/bin/../lib/gcc/avr/5.4.0/../../../../avr/lib/avr5\libm.a(fp_split3.o)
 .bss           0x00000000        0x0 c:/program files (x86)/atmel/studio/7.0/toolchain/avr8/avr8-gnu-toolchain/bin/../lib/gcc/avr/5.4.0/../../../../avr/lib/avr5\libm.a(fp_split3.o)
 .text          0x00000000        0x0 c:/program files (x86)/atmel/studio/7.0/toolchain/avr8/avr8-gnu-toolchain/bin/../lib/gcc/avr/5.4.0/../../../../avr/lib/avr5\libm.a(fp_zero.o)
 .data          0x00000000        0x0 c:/program files (x86)/atmel/studio/7.0/toolchain/avr8/avr8-gnu-toolchain/bin/../lib/gcc/avr/5.4.0/../../../../avr/lib/avr5\libm.a(fp_zero.o)
 .bss           0x00000000        0x0 c:/program files (x86)/atmel/studio/7.0/toolchain/avr8/avr8-gnu-toolchain/bin/../lib/gcc/avr/5.4.0/../../../../avr/lib/avr5\libm.a(fp_zero.o)
 .text          0x00000000        0x0 c:/program files (x86)/atmel/studio/7.0/toolchain/avr8/avr8-gnu-toolchain/bin/../lib/gcc/avr/5.4.0/../../../../avr/lib/avr5\libm.a(mulsf3.o)
 .data          0x00000000        0x0 c:/program files (x86)/atmel/studio/7.0/toolchain/avr8/avr8-gnu-toolchain/bin/../lib/gcc/avr/5.4.0/../../../../avr/lib/avr5\libm.a(mulsf3.o)
 .bss           0x00000000        0x0 c:/program files (x86)/atmel/studio/7.0/toolchain/avr8/avr8-gnu-toolchain/bin/../lib/gcc/avr/5.4.0/../../../../avr/lib/avr5\libm.a(mulsf3.o)
 .text          0x00000000        0x0 c:/program files (x86)/atmel/studio/7.0/toolchain/avr8/avr8-gnu-toolchain/bin/../lib/gcc/avr/5.4.0/../../../../avr/lib/avr5\libm.a(mulsf3x.o)
 .data          0x00000000        0x0 c:/program files (x86)/atmel/studio/7.0/toolchain/avr8/avr8-gnu-toolchain/bin/../lib/gcc/avr/5.4.0/../../../../avr/lib/avr5\libm.a(mulsf3x.o)
 .bss           0x00000000        0x0 c:/program files (x86)/atmel/studio/7.0/toolchain/avr8/avr8-gnu-toolchain/bin/../lib/gcc/avr/5.4.0/../../../../avr/lib/avr5\libm.a(mulsf3x.o)
 .text          0x00000000        0x0 c:/program files (x86)/atmel/studio/7.0/toolchain/avr8/avr8-gnu-toolchain/bin/../lib/gcc/avr/5.4.0/../../../../avr/lib/avr5\libm.a(fp_inf.o)
 .data          0x00000000        0x0 c:/program files (x86)/atmel/studio/7.0/toolchain/avr8/avr8-gnu-toolchain/bin/../lib/gcc/avr/5.4.0/../../../../avr/lib/avr5\libm.a(fp_inf.o)
 .bss           0x00000000        0x0 c:/program files (x86)/atmel/studio/7.0/toolchain/avr8/avr8-gnu-toolchain/bin/../lib/gcc/avr/5.4.0/../../../../avr/lib/avr5\libm.a(fp_inf.o)
 .text          0x00000000        0x0 c:/program files (x86)/atmel/studio/7.0/toolchain/avr8/avr8-gnu-toolchain/bin/../lib/gcc/avr/5.4.0/../../../../avr/lib/avr5\libm.a(fp_nan.o)
 .data          0x00000000        0x0 c:/program files (x86)/atmel/studio/7.0/toolchain/avr8/avr8-gnu-toolchain/bin/../lib/gcc/avr/5.4.0/../../../../avr/lib/avr5\libm.a(fp_nan.o)
 .bss           0x00000000        0x0 c:/program files (x86)/atmel/studio/7.0/toolchain/avr8/avr8-gnu-toolchain/bin/../lib/gcc/avr/5.4.0/../../../../avr/lib/avr5\libm.a(fp_nan.o)
 .text          0x00000000        0x0 c:/program files (x86)/atmel/studio/7.0/toolchain/avr8/avr8-gnu-toolchain/bin/../lib/gcc/avr/5.4.0/../../../../avr/lib/avr5\libm.a(fp_pscA.o)
 .data          0x00000000        0x0 c:/program files (x86)/atmel/studio/7.0/toolchain/avr8/avr8-gnu-toolchain/bin/../lib/gcc/avr/5.4.0/../../../../avr/lib/avr5\libm.a(fp_pscA.o)
 .bss           0x00000000        0x0 c:/program files (x86)/atmel/studio/7.0/toolchain/avr8/avr8-gnu-toolchain/bin/../lib/gcc/avr/5.4.0/../../../../avr/lib/avr5\libm.a(fp_pscA.o)
 .text          0x00000000        0x0 c:/program files (x86)/atmel/studio/7.0/toolchain/avr8/avr8-gnu-toolchain/bin/../lib/gcc/avr/5.4.0/../../../../avr/lib/avr5\libm.a(fp_pscB.o)
 .data          0x00000000        0x0 c:/program files (x86)/atmel/studio/7.0/toolchain/avr8/avr8-gnu-toolchain/bin/../lib/gcc/avr/5.4.0/../../../../avr/lib/avr5\libm.a(fp_pscB.o)
 .bss           0x00000000        0x0 c:/program files (x86)/atmel/studio/7.0/toolchain/avr8/avr8-gnu-toolchain/bin/../lib/gcc/avr/5.4.0/../../../../avr/lib/avr5\libm.a(fp_pscB.o)
 .text          0x00000000        0x0 c:/program files (x86)/atmel/studio/7.0/toolchain/avr8/avr8-gnu-toolchain/bin/../lib/gcc/avr/5.4.0/../../../../avr/lib/avr5\libm.a(fp_round.o)
 .data          0x00000000        0x0 c:/program files (x86)/atmel/studio/7.0/toolchain/avr8/avr8-gnu-toolchain/bin/../lib/gcc/avr/5.4.0/../../../../avr/lib/avr5\libm.a(fp_round.o)
 .bss           0x00000000        0x0 c:/program files (x86)/atmel/studio/7.0/toolchain/avr8/avr8-gnu-toolchain/bin/../lib/gcc/avr/5.4.0/../../../../avr/lib/avr5\libm.a(fp_round.o)
 .text          0x00000000        0x0 c:/program files (x86)/atmel/studio/7.0/toolchain/avr8/avr8-gnu-toolchain/bin/../lib/gcc/avr/5.4.0/avr5\libgcc.a(_exit.o)
 .data          0x00000000        0x0 c:/program files (x86)/atmel/studio/7.0/toolchain/avr8/avr8-gnu-toolchain/bin/../lib/gcc/avr/5.4.0/avr5\libgcc.a(_exit.o)
 .bss           0x00000000        0x0 c:/program files (x86)/atmel/studio/7.0/toolchain/avr8/avr8-gnu-toolchain/bin/../lib/gcc/avr/5.4.0/avr5\libgcc.a(_exit.o)
 .text.libgcc.mul
                0x00000000        0x0 c:/program files (x86)/atmel/studio/7.0/toolchain/avr8/avr8-gnu-toolchain/bin/../lib/gcc/avr/5.4.0/avr5\libgcc.a(_exit.o)
 .text.libgcc.div
                0x00000000        0x0 c:/program files (x86)/atmel/studio/7.0/toolchain/avr8/avr8-gnu-toolchain/bin/../lib/gcc/avr/5.4.0/avr5\libgcc.a(_exit.o)
 .text.libgcc   0x00000000        0x0 c:/program files (x86)/atmel/studio/7.0/toolchain/avr8/avr8-gnu-toolchain/bin/../lib/gcc/avr/5.4.0/avr5\libgcc.a(_exit.o)
 .text.libgcc.prologue
                0x00000000        0x0 c:/program files (x86)/atmel/studio/7.0/toolchain/avr8/avr8-gnu-toolchain/bin/../lib/gcc/avr/5.4.0/avr5\libgcc.a(_exit.o)
 .text.libgcc.builtins
                0x00000000        0x0 c:/program files (x86)/atmel/studio/7.0/toolchain/avr8/avr8-gnu-toolchain/bin/../lib/gcc/avr/5.4.0/avr5\libgcc.a(_exit.o)
 .text.libgcc.fmul
                0x00000000        0x0 c:/program files (x86)/atmel/studio/7.0/toolchain/avr8/avr8-gnu-toolchain/bin/../lib/gcc/avr/5.4.0/avr5\libgcc.a(_exit.o)
 .text.libgcc.fixed
                0x00000000        0x0 c:/program files (x86)/atmel/studio/7.0/toolchain/avr8/avr8-gnu-toolchain/bin/../lib/gcc/avr/5.4.0/avr5\libgcc.a(_exit.o)
 .text          0x00000000        0x0 c:/program files (x86)/atmel/studio/7.0/toolchain/avr8/avr8-gnu-toolchain/bin/../lib/gcc/avr/5.4.0/avr5\libgcc.a(_tablejump2.o)
 .data          0x00000000        0x0 c:/program files (x86)/atmel/studio/7.0/toolchain/avr8/avr8-gnu-toolchain/bin/../lib/gcc/avr/5.4.0/avr5\libgcc.a(_tablejump2.o)
 .bss           0x00000000        0x0 c:/program files (x86)/atmel/studio/7.0/toolchain/avr8/avr8-gnu-toolchain/bin/../lib/gcc/avr/5.4.0/avr5\libgcc.a(_tablejump2.o)
 .text.libgcc.mul
                0x00000000        0x0 c:/program files (x86)/atmel/studio/7.0/toolchain/avr8/avr8-gnu-toolchain/bin/../lib/gcc/avr/5.4.0/avr5\libgcc.a(_tablejump2.o)
 .text.libgcc.div
                0x00000000        0x0 c:/program files (x86)/atmel/studio/7.0/toolchain/avr8/avr8-gnu-toolchain/bin/../lib/gcc/avr/5.4.0/avr5\libgcc.a(_tablejump2.o)
 .text.libgcc.prologue
                0x00000000        0x0 c:/program files (x86)/atmel/studio/7.0/toolchain/avr8/avr8-gnu-toolchain/bin/../lib/gcc/avr/5.4.0/avr5\libgcc.a(_tablejump2.o)
 .text.libgcc.builtins
                0x00000000        0x0 c:/program files (x86)/atmel/studio/7.0/toolchain/avr8/avr8-gnu-toolchain/bin/../lib/gcc/avr/5.4.0/avr5\libgcc.a(_tablejump2.o)
 .text.libgcc.fmul
                0x00000000        0x0 c:/program files (x86)/atmel/studio/7.0/toolchain/avr8/avr8-gnu-toolchain/bin/../lib/gcc/avr/5.4.0/avr5\libgcc.a(_tablejump2.o)
 .text.libgcc.fixed
                0x00000000        0x0 c:/program files (x86)/atmel/studio/7.0/toolchain/avr8/avr8-gnu-toolchain/bin/../lib/gcc/avr/5.4.0/avr5\libgcc.a(_tablejump2.o)
 .text          0x00000000        0x0 c:/program files (x86)/atmel/studio/7.0/toolchain/avr8/avr8-gnu-toolchain/bin/../lib/gcc/avr/5.4.0/avr5\libgcc.a(_copy_data.o)
 .data          0x00000000        0x0 c:/program files (x86)/atmel/studio/7.0/toolchain/avr8/avr8-gnu-toolchain/bin/../lib/gcc/avr/5.4.0/avr5\libgcc.a(_copy_data.o)
 .bss           0x00000000        0x0 c:/program files (x86)/atmel/studio/7.0/toolchain/avr8/avr8-gnu-toolchain/bin/../lib/gcc/avr/5.4.0/avr5\libgcc.a(_copy_data.o)
 .text.libgcc.mul
                0x00000000        0x0 c:/program files (x86)/atmel/studio/7.0/toolchain/avr8/avr8-gnu-toolchain/bin/../lib/gcc/avr/5.4.0/avr5\libgcc.a(_copy_data.o)
 .text.libgcc.div
                0x00000000        0x0 c:/program files (x86)/atmel/studio/7.0/toolchain/avr8/avr8-gnu-toolchain/bin/../lib/gcc/avr/5.4.0/avr5\libgcc.a(_copy_data.o)
 .text.libgcc   0x00000000        0x0 c:/program files (x86)/atmel/studio/7.0/toolchain/avr8/avr8-gnu-toolchain/bin/../lib/gcc/avr/5.4.0/avr5\libgcc.a(_copy_data.o)
 .text.libgcc.prologue
                0x00000000        0x0 c:/program files (x86)/atmel/studio/7.0/toolchain/avr8/avr8-gnu-toolchain/bin/../lib/gcc/avr/5.4.0/avr5\libgcc.a(_copy_data.o)
 .text.libgcc.builtins
                0x00000000        0x0 c:/program files (x86)/atmel/studio/7.0/toolchain/avr8/avr8-gnu-toolchain/bin/../lib/gcc/avr/5.4.0/avr5\libgcc.a(_copy_data.o)
 .text.libgcc.fmul
                0x00000000        0x0 c:/program files (x86)/atmel/studio/7.0/toolchain/avr8/avr8-gnu-toolchain/bin/../lib/gcc/avr/5.4.0/avr5\libgcc.a(_copy_data.o)
 .text.libgcc.fixed
                0x00000000        0x0 c:/program files (x86)/atmel/studio/7.0/toolchain/avr8/avr8-gnu-toolchain/bin/../lib/gcc/avr/5.4.0/avr5\libgcc.a(_copy_data.o)
 .text          0x00000000        0x0 c:/program files (x86)/atmel/studio/7.0/toolchain/avr8/avr8-gnu-toolchain/bin/../lib/gcc/avr/5.4.0/avr5\libgcc.a(_clear_bss.o)
 .data          0x00000000        0x0 c:/program files (x86)/atmel/studio/7.0/toolchain/avr8/avr8-gnu-toolchain/bin/../lib/gcc/avr/5.4.0/avr5\libgcc.a(_clear_bss.o)
 .bss           0x00000000        0x0 c:/program files (x86)/atmel/studio/7.0/toolchain/avr8/avr8-gnu-toolchain/bin/../lib/gcc/avr/5.4.0/avr5\libgcc.a(_clear_bss.o)
 .text.libgcc.mul
                0x00000000        0x0 c:/program files (x86)/atmel/studio/7.0/toolchain/avr8/avr8-gnu-toolchain/bin/../lib/gcc/avr/5.4.0/avr5\libgcc.a(_clear_bss.o)
 .text.libgcc.div
                0x00000000        0x0 c:/program files (x86)/atmel/studio/7.0/toolchain/avr8/avr8-gnu-toolchain/bin/../lib/gcc/avr/5.4.0/avr5\libgcc.a(_clear_bss.o)
 .text.libgcc   0x00000000        0x0 c:/program files (x86)/atmel/studio/7.0/toolchain/avr8/avr8-gnu-toolchain/bin/../lib/gcc/avr/5.4.0/avr5\libgcc.a(_clear_bss.o)
 .text.libgcc.prologue
                0x00000000        0x0 c:/program files (x86)/atmel/studio/7.0/toolchain/avr8/avr8-gnu-toolchain/bin/../lib/gcc/avr/5.4.0/avr5\libgcc.a(_clear_bss.o)
 .text.libgcc.builtins
                0x00000000        0x0 c:/program files (x86)/atmel/studio/7.0/toolchain/avr8/avr8-gnu-toolchain/bin/../lib/gcc/avr/5.4.0/avr5\libgcc.a(_clear_bss.o)
 .text.libgcc.fmul
                0x00000000        0x0 c:/program files (x86)/atmel/studio/7.0/toolchain/avr8/avr8-gnu-toolchain/bin/../lib/gcc/avr/5.4.0/avr5\libgcc.a(_clear_bss.o)
 .text.libgcc.fixed
                0x00000000        0x0 c:/program files (x86)/atmel/studio/7.0/toolchain/avr8/avr8-gnu-toolchain/bin/../lib/gcc/avr/5.4.0/avr5\libgcc.a(_clear_bss.o)
 .text          0x00000000        0x0 c:/program files (x86)/atmel/studio/7.0/toolchain/avr8/avr8-gnu-toolchain/bin/../lib/gcc/avr/5.4.0/avr5\libgcc.a(_umulhisi3.o)
 .data          0x00000000        0x0 c:/program files (x86)/atmel/studio/7.0/toolchain/avr8/avr8-gnu-toolchain/bin/../lib/gcc/avr/5.4.0/avr5\libgcc.a(_umulhisi3.o)
 .bss           0x00000000        0x0 c:/program files (x86)/atmel/studio/7.0/toolchain/avr8/avr8-gnu-toolchain/bin/../lib/gcc/avr/5.4.0/avr5\libgcc.a(_umulhisi3.o)
 .text.libgcc.div
                0x00000000        0x0 c:/program files (x86)/atmel/studio/7.0/toolchain/avr8/avr8-gnu-toolchain/bin/../lib/gcc/avr/5.4.0/avr5\libgcc.a(_umulhisi3.o)
 .text.libgcc   0x00000000        0x0 c:/program files (x86)/atmel/studio/7.0/toolchain/avr8/avr8-gnu-toolchain/bin/../lib/gcc/avr/5.4.0/avr5\libgcc.a(_umulhisi3.o)
 .text.libgcc.prologue
                0x00000000        0x0 c:/program files (x86)/atmel/studio/7.0/toolchain/avr8/avr8-gnu-toolchain/bin/../lib/gcc/avr/5.4.0/avr5\libgcc.a(_umulhisi3.o)
 .text.libgcc.builtins
                0x00000000        0x0 c:/program files (x86)/atmel/studio/7.0/toolchain/avr8/avr8-gnu-toolchain/bin/../lib/gcc/avr/5.4.0/avr5\libgcc.a(_umulhisi3.o)
 .text.libgcc.fmul
                0x00000000        0x0 c:/program files (x86)/atmel/studio/7.0/toolchain/avr8/avr8-gnu-toolchain/bin/../lib/gcc/avr/5.4.0/avr5\libgcc.a(_umulhisi3.o)
 .text.libgcc.fixed
                0x00000000        0x0 c:/program files (x86)/atmel/studio/7.0/toolchain/avr8/avr8-gnu-toolchain/bin/../lib/gcc/avr/5.4.0/avr5\libgcc.a(_umulhisi3.o)

Memory Configuration

Name             Origin             Length             Attributes
text             0x00000000         0x00020000         xr
data             0x00800060         0x0000ffa0         rw !x
eeprom           0x00810000         0x00010000         rw !x
fuse             0x00820000         0x00000002         rw !x
lock             0x00830000         0x00000400         rw !x
signature        0x00840000         0x00000400         rw !x
user_signatures  0x00850000         0x00000400         rw !x
*default*        0x00000000         0xffffffff

Linker script and memory map

LOAD C:/Program Files (x86)/Atmel/Studio/7.0/Packs/atmel/ATmega_DFP/1.2.209/gcc/dev/atmega32/avr5/crtatmega32.o
LOAD ADC_c.o
LOAD DIO.o
LOAD Display.o
LOAD Elements.o
LOAD External_EEPROM.o
LOAD I2C.o
LOAD Led.o
LOAD main.o
LOAD SSD.o
LOAD Sw.o
LOAD Temp.o
LOAD Temp_Setting.o
LOAD Timers.o
START GROUP
LOAD c:/program files (x86)/atmel/studio/7.0/toolchain/avr8/avr8-gnu-toolchain/bin/../lib/gcc/avr/5.4.0/../../../../avr/lib/avr5\libm.a
END GROUP
START GROUP
LOAD c:/program files (x86)/atmel/studio/7.0/toolchain/avr8/avr8-gnu-toolchain/bin/../lib/gcc/avr/5.4.0/avr5\libgcc.a
LOAD c:/program files (x86)/atmel/studio/7.0/toolchain/avr8/avr8-gnu-toolchain/bin/../lib/gcc/avr/5.4.0/../../../../avr/lib/avr5\libm.a
LOAD c:/program files (x86)/atmel/studio/7.0/toolchain/avr8/avr8-gnu-toolchain/bin/../lib/gcc/avr/5.4.0/../../../../avr/lib/avr5\libc.a
LOAD C:/Program Files (x86)/Atmel/Studio/7.0/Packs/atmel/ATmega_DFP/1.2.209/gcc/dev/atmega32/avr5\libatmega32.a
END GROUP
                0x00020000                __TEXT_REGION_LENGTH__ = DEFINED (__TEXT_REGION_LENGTH__)?__TEXT_REGION_LENGTH__:0x20000
                0x0000ffa0                __DATA_REGION_LENGTH__ = DEFINED (__DATA_REGION_LENGTH__)?__DATA_REGION_LENGTH__:0xffa0
                0x00010000                __EEPROM_REGION_LENGTH__ = DEFINED (__EEPROM_REGION_LENGTH__)?__EEPROM_REGION_LENGTH__:0x10000
                [0x00000002]                __FUSE_REGION_LENGTH__ = DEFINED (__FUSE_REGION_LENGTH__)?__FUSE_REGION_LENGTH__:0x400
                0x00000400                __LOCK_REGION_LENGTH__ = DEFINED (__LOCK_REGION_LENGTH__)?__LOCK_REGION_LENGTH__:0x400
                0x00000400                __SIGNATURE_REGION_LENGTH__ = DEFINED (__SIGNATURE_REGION_LENGTH__)?__SIGNATURE_REGION_LENGTH__:0x400
                0x00000400                __USER_SIGNATURE_REGION_LENGTH__ = DEFINED (__USER_SIGNATURE_REGION_LENGTH__)?__USER_SIGNATURE_REGION_LENGTH__:0x400

.hash
 *(.hash)

.dynsym
 *(.dynsym)

.dynstr
 *(.dynstr)

.gnu.version
 *(.gnu.version)

.gnu.version_d
 *(.gnu.version_d)

.gnu.version_r
 *(.gnu.version_r)

.rel.init
 *(.rel.init)

.rela.init
 *(.rela.init)

.rel.text
 *(.rel.text)
 *(.rel.text.*)
 *(.rel.gnu.linkonce.t*)

.rela.text
 *(.rela.text)
 *(.rela.text.*)
 *(.rela.gnu.linkonce.t*)

.rel.fini
 *(.rel.fini)

.rela.fini
 *(.rela.fini)

.rel.rodata
 *(.rel.rodata)
 *(.rel.rodata.*)
 *(.rel.gnu.linkonce.r*)

.rela.rodata
 *(.rela.rodata)
 *(.rela.rodata.*)
 *(.rela.gnu.linkonce.r*)

.rel.data
 *(.rel.data)
 *(.rel.data.*)
 *(.rel.gnu.linkonce.d*)

.rela.data
 *(.rela.data)
 *(.rela.data.*)
 *(.rela.gnu.linkonce.d*)

.rel.ctors
 *(.rel.ctors)

.rela.ctors
 *(.rela.ctors)

.rel.dtors
 *(.rel.dtors)

.rela.dtors
 *(.rela.dtors)

.rel.got
 *(.rel.got)

.rela.got
 *(.rela.got)

.rel.bss
 *(.rel.bss)

.rela.bss
 *(.rela.bss)

.rel.plt
 *(.rel.plt)

.rela.plt
 *(.rela.plt)

.text           0x00000000     0x14b0
 *(.vectors)
 .vectors       0x00000000       0x54 C:/Program Files (x86)/Atmel/Studio/7.0/Packs/atmel/ATmega_DFP/1.2.209/gcc/dev/atmega32/avr5/crtatmega32.o
                0x00000000                __vector_default
                0x00000000                __vectors
 *(.vectors)
 *(.progmem.gcc*)
 .progmem.gcc_sw_table.ADC_Init
                0x00000054        0xe ADC_c.o
 .progmem.gcc_sw_table.Timer1_Init
                0x00000062       0x10 Timers.o
                0x00000072                . = ALIGN (0x2)
                0x00000072                __trampolines_start = .
 *(.trampolines)
 .trampolines   0x00000072        0x0 linker stubs
 *(.trampolines*)
                0x00000072                __trampolines_end = .
 *libprintf_flt.a:*(.progmem.data)
 *libc.a:*(.progmem.data)
 *(.progmem*)
                0x00000072                . = ALIGN (0x2)
 *(.jumptables)
 *(.jumptables*)
 *(.lowtext)
 *(.lowtext*)
                0x00000072                __ctors_start = .
 *(.ctors)
                0x00000072                __ctors_end = .
                0x00000072                __dtors_start = .
 *(.dtors)
                0x00000072                __dtors_end = .
 SORT(*)(.ctors)
 SORT(*)(.dtors)
 *(.init0)
 .init0         0x00000072        0x0 C:/Program Files (x86)/Atmel/Studio/7.0/Packs/atmel/ATmega_DFP/1.2.209/gcc/dev/atmega32/avr5/crtatmega32.o
                0x00000072                __init
 *(.init0)
 *(.init1)
 *(.init1)
 *(.init2)
 .init2         0x00000072        0xc C:/Program Files (x86)/Atmel/Studio/7.0/Packs/atmel/ATmega_DFP/1.2.209/gcc/dev/atmega32/avr5/crtatmega32.o
 *(.init2)
 *(.init3)
 *(.init3)
 *(.init4)
 .init4         0x0000007e       0x16 c:/program files (x86)/atmel/studio/7.0/toolchain/avr8/avr8-gnu-toolchain/bin/../lib/gcc/avr/5.4.0/avr5\libgcc.a(_copy_data.o)
                0x0000007e                __do_copy_data
 .init4         0x00000094       0x10 c:/program files (x86)/atmel/studio/7.0/toolchain/avr8/avr8-gnu-toolchain/bin/../lib/gcc/avr/5.4.0/avr5\libgcc.a(_clear_bss.o)
                0x00000094                __do_clear_bss
 *(.init4)
 *(.init5)
 *(.init5)
 *(.init6)
 *(.init6)
 *(.init7)
 *(.init7)
 *(.init8)
 *(.init8)
 *(.init9)
 .init9         0x000000a4        0x8 C:/Program Files (x86)/Atmel/Studio/7.0/Packs/atmel/ATmega_DFP/1.2.209/gcc/dev/atmega32/avr5/crtatmega32.o
 *(.init9)
 *(.text)
 .text          0x000000ac        0x4 C:/Program Files (x86)/Atmel/Studio/7.0/Packs/atmel/ATmega_DFP/1.2.209/gcc/dev/atmega32/avr5/crtatmega32.o
                0x000000ac                __vector_1
                0x000000ac                __vector_12
                0x000000ac                __bad_interrupt
                0x000000ac                __vector_3
                0x000000ac                __vector_13
                0x000000ac                __vector_17
                0x000000ac                __vector_5
                0x000000ac                __vector_4
                0x000000ac                __vector_2
                0x000000ac                __vector_15
                0x000000ac                __vector_14
                0x000000ac                __vector_16
                0x000000ac                __vector_18
                0x000000ac                __vector_20
                0x000000b0                . = ALIGN (0x2)
 *(.text.*)
 .text.ADC_Init
                0x000000b0       0x6e ADC_c.o
                0x000000b0                ADC_Init
 .text.ADC_Converstion
                0x0000011e       0x12 ADC_c.o
                0x0000011e                ADC_Converstion
 .text.Get_ADC_NO_BLOCK
                0x00000130       0x12 ADC_c.o
                0x00000130                Get_ADC_NO_BLOCK
 .text.Pin_Init
                0x00000142      0x1d0 DIO.o
                0x00000142                Pin_Init
 .text.Set_Pin  0x00000312       0xb2 DIO.o
                0x00000312                Set_Pin
 .text.Toggle_Pin
                0x000003c4       0x82 DIO.o
                0x000003c4                Toggle_Pin
 .text.Set_Port
                0x00000446       0x20 DIO.o
                0x00000446                Set_Port
 .text.Get_state
                0x00000466        0x6 Display.o
                0x00000466                Get_state
 .text.Display_Init
                0x0000046c       0x26 Display.o
                0x0000046c                Display_Init
 .text.Display_Update
                0x00000492      0x11c Display.o
                0x00000492                Display_Update
 .text.Elements_Init
                0x000005ae       0x22 Elements.o
                0x000005ae                Elements_Init
 .text.Element_Update
                0x000005d0       0xa2 Elements.o
                0x000005d0                Element_Update
 .text.Get_Element_State
                0x00000672        0x6 Elements.o
                0x00000672                Get_Element_State
 .text.External_EEPROM_Init
                0x00000678        0x8 External_EEPROM.o
                0x00000678                External_EEPROM_Init
 .text.External_EEPROM_Write
                0x00000680       0x6e External_EEPROM.o
                0x00000680                External_EEPROM_Write
 .text.External_EEPROM_Read
                0x000006ee       0xa4 External_EEPROM.o
                0x000006ee                External_EEPROM_Read
 .text.__vector_19
                0x00000792       0x68 I2C.o
                0x00000792                __vector_19
 .text.I2C_Init
                0x000007fa       0x14 I2C.o
                0x000007fa                I2C_Init
 .text.I2C_Start
                0x0000080e        0xc I2C.o
                0x0000080e                I2C_Start
 .text.I2C_Stop
                0x0000081a        0x6 I2C.o
                0x0000081a                I2C_Stop
 .text.I2C_Write
                0x00000820        0xe I2C.o
                0x00000820                I2C_Write
 .text.I2C_ReadWithNACK
                0x0000082e        0xe I2C.o
                0x0000082e                I2C_ReadWithNACK
 .text.I2C_GetStatus
                0x0000083c        0x6 I2C.o
                0x0000083c                I2C_GetStatus
 .text.LED_Init
                0x00000842       0x12 Led.o
                0x00000842                LED_Init
 .text.LED_Update
                0x00000854       0x42 Led.o
                0x00000854                LED_Update
 .text.T1_my_func
                0x00000896        0x8 main.o
 .text.System_Init
                0x0000089e       0xbe main.o
                0x0000089e                System_Init
 .text.main     0x0000095c       0x36 main.o
                0x0000095c                main
 .text.SSD_Set_symbol
                0x00000992        0xc SSD.o
                0x00000992                SSD_Set_symbol
 .text.SSD_Set_State
                0x0000099e       0x30 SSD.o
                0x0000099e                SSD_Set_State
 .text.SSD_Out  0x000009ce       0x36 SSD.o
 .text.SSD_Init
                0x00000a04       0x46 SSD.o
                0x00000a04                SSD_Init
 .text.SSD_Update
                0x00000a4a       0x4e SSD.o
                0x00000a4a                SSD_Update
 .text.Sw_Init  0x00000a98       0x26 Sw.o
                0x00000a98                Sw_Init
 .text.Sw_Update
                0x00000abe      0x1bc Sw.o
                0x00000abe                Sw_Update
 .text.Sw_Get_State
                0x00000c7a       0x16 Sw.o
                0x00000c7a                Sw_Get_State
 .text.Temperature_Init
                0x00000c90       0x22 Temp.o
                0x00000c90                Temperature_Init
 .text.Temperature_Update
                0x00000cb2       0xb4 Temp.o
                0x00000cb2                Temperature_Update
 .text.Get_Temperature
                0x00000d66        0x6 Temp.o
                0x00000d66                Get_Temperature
 .text.Temp_Setting_Init
                0x00000d6c        0x8 Temp_Setting.o
                0x00000d6c                Temp_Setting_Init
 .text.Temp_Setting_Update
                0x00000d74       0xaa Temp_Setting.o
                0x00000d74                Temp_Setting_Update
 .text.Temp_Setting_Get_Temp
                0x00000e1e        0x6 Temp_Setting.o
                0x00000e1e                Temp_Setting_Get_Temp
 .text.Temp_Setting_Get_Status
                0x00000e24        0x6 Temp_Setting.o
                0x00000e24                Temp_Setting_Get_Status
 .text.Temp_Setting_Set_Temp
                0x00000e2a        0x6 Temp_Setting.o
                0x00000e2a                Temp_Setting_Set_Temp
 .text.__vector_11
                0x00000e30       0x64 Timers.o
                0x00000e30                __vector_11
 .text.__vector_10
                0x00000e94       0x52 Timers.o
                0x00000e94                __vector_10
 .text.Timer1_Init
                0x00000ee6      0x1dc Timers.o
                0x00000ee6                Timer1_Init
 .text.Timer1_CTC_OCR1A_Interrupt_State
                0x000010c2       0x1a Timers.o
                0x000010c2                Timer1_CTC_OCR1A_Interrupt_State
 .text.Timer1_CTC_OC1RA_Set_Call_Back
                0x000010dc        0xa Timers.o
                0x000010dc                Timer1_CTC_OC1RA_Set_Call_Back
 .text.__vector_9
                0x000010e6       0x52 Timers.o
                0x000010e6                __vector_9
 .text.__vector_7
                0x00001138       0x52 Timers.o
                0x00001138                __vector_7
 .text.__vector_8
                0x0000118a       0x52 Timers.o
                0x0000118a                __vector_8
 .text.__vector_6
                0x000011dc       0x52 Timers.o
                0x000011dc                __vector_6
 .text.avr-libc.fplib
                0x0000122e       0x5e c:/program files (x86)/atmel/studio/7.0/toolchain/avr8/avr8-gnu-toolchain/bin/../lib/gcc/avr/5.4.0/../../../../avr/lib/avr5\libm.a(fixunssfsi.o)
                0x0000122e                __fixunssfsi
 .text.avr-libc.fplib
                0x0000128c       0x7a c:/program files (x86)/atmel/studio/7.0/toolchain/avr8/avr8-gnu-toolchain/bin/../lib/gcc/avr/5.4.0/../../../../avr/lib/avr5\libm.a(floatsisf.o)
                0x0000128c                __floatunsisf
                0x00001290                __floatsisf
 .text.avr-libc.fplib
                0x00001306       0x44 c:/program files (x86)/atmel/studio/7.0/toolchain/avr8/avr8-gnu-toolchain/bin/../lib/gcc/avr/5.4.0/../../../../avr/lib/avr5\libm.a(fp_split3.o)
                0x00001306                __fp_split3
                0x00001316                __fp_splitA
 .text.avr-libc.fplib
                0x0000134a        0xe c:/program files (x86)/atmel/studio/7.0/toolchain/avr8/avr8-gnu-toolchain/bin/../lib/gcc/avr/5.4.0/../../../../avr/lib/avr5\libm.a(fp_zero.o)
                0x0000134a                __fp_zero
                0x0000134c                __fp_szero
 .text.avr-libc.fplib
                0x00001358        0x8 c:/program files (x86)/atmel/studio/7.0/toolchain/avr8/avr8-gnu-toolchain/bin/../lib/gcc/avr/5.4.0/../../../../avr/lib/avr5\libm.a(mulsf3.o)
                0x00001358                __mulsf3
 .text.avr-libc.fplib
                0x00001360       0xd2 c:/program files (x86)/atmel/studio/7.0/toolchain/avr8/avr8-gnu-toolchain/bin/../lib/gcc/avr/5.4.0/../../../../avr/lib/avr5\libm.a(mulsf3x.o)
                0x0000137e                __mulsf3x
                0x00001384                __mulsf3_pse
 .text.avr-libc.fplib
                0x00001432        0xc c:/program files (x86)/atmel/studio/7.0/toolchain/avr8/avr8-gnu-toolchain/bin/../lib/gcc/avr/5.4.0/../../../../avr/lib/avr5\libm.a(fp_inf.o)
                0x00001432                __fp_inf
 .text.avr-libc.fplib
                0x0000143e        0x6 c:/program files (x86)/atmel/studio/7.0/toolchain/avr8/avr8-gnu-toolchain/bin/../lib/gcc/avr/5.4.0/../../../../avr/lib/avr5\libm.a(fp_nan.o)
                0x0000143e                __fp_nan
 .text.avr-libc.fplib
                0x00001444        0xe c:/program files (x86)/atmel/studio/7.0/toolchain/avr8/avr8-gnu-toolchain/bin/../lib/gcc/avr/5.4.0/../../../../avr/lib/avr5\libm.a(fp_pscA.o)
                0x00001444                __fp_pscA
 .text.avr-libc.fplib
                0x00001452        0xe c:/program files (x86)/atmel/studio/7.0/toolchain/avr8/avr8-gnu-toolchain/bin/../lib/gcc/avr/5.4.0/../../../../avr/lib/avr5\libm.a(fp_pscB.o)
                0x00001452                __fp_pscB
 .text.avr-libc.fplib
                0x00001460       0x22 c:/program files (x86)/atmel/studio/7.0/toolchain/avr8/avr8-gnu-toolchain/bin/../lib/gcc/avr/5.4.0/../../../../avr/lib/avr5\libm.a(fp_round.o)
                0x00001460                __fp_round
 .text.libgcc   0x00001482        0xc c:/program files (x86)/atmel/studio/7.0/toolchain/avr8/avr8-gnu-toolchain/bin/../lib/gcc/avr/5.4.0/avr5\libgcc.a(_tablejump2.o)
                0x00001482                __tablejump2__
 .text.libgcc.mul
                0x0000148e       0x1e c:/program files (x86)/atmel/studio/7.0/toolchain/avr8/avr8-gnu-toolchain/bin/../lib/gcc/avr/5.4.0/avr5\libgcc.a(_umulhisi3.o)
                0x0000148e                __umulhisi3
                0x000014ac                . = ALIGN (0x2)
 *(.fini9)
 .fini9         0x000014ac        0x0 c:/program files (x86)/atmel/studio/7.0/toolchain/avr8/avr8-gnu-toolchain/bin/../lib/gcc/avr/5.4.0/avr5\libgcc.a(_exit.o)
                0x000014ac                _exit
                0x000014ac                exit
 *(.fini9)
 *(.fini8)
 *(.fini8)
 *(.fini7)
 *(.fini7)
 *(.fini6)
 *(.fini6)
 *(.fini5)
 *(.fini5)
 *(.fini4)
 *(.fini4)
 *(.fini3)
 *(.fini3)
 *(.fini2)
 *(.fini2)
 *(.fini1)
 *(.fini1)
 *(.fini0)
 .fini0         0x000014ac        0x4 c:/program files (x86)/atmel/studio/7.0/toolchain/avr8/avr8-gnu-toolchain/bin/../lib/gcc/avr/5.4.0/avr5\libgcc.a(_exit.o)
 *(.fini0)
                0x000014b0                _etext = .

.data           0x00800060       0x12 load address 0x000014b0
                0x00800060                PROVIDE (__data_start, .)
 *(.data)
 *(.data*)
 .data.SSD_Counter.1828
                0x00800060        0x2 SSD.o
 .data.SSD_Buffer
                0x00800062        0x2 SSD.o
                0x00800062                SSD_Buffer
 .data.Sw_Counter.1808
                0x00800064        0x1 Sw.o
 .data.Temperature_Counter.1998
                0x00800065        0x1 Temp.o
 *(.gnu.linkonce.d*)
 *(.rodata)
 *(.rodata*)
 .rodata.SSD_Data
                0x00800066        0xb SSD.o
 *(.gnu.linkonce.r*)
                0x00800072                . = ALIGN (0x2)
 *fill*         0x00800071        0x1 
                0x00800072                _edata = .
                0x00800072                PROVIDE (__data_end, .)

.bss            0x00800072       0x30
                0x00800072                PROVIDE (__bss_start, .)
 *(.bss)
 *(.bss*)
 .bss.Time.1833
                0x00800072        0x2 Display.o
 .bss.Disp_Counter.1831
                0x00800074        0x1 Display.o
 .bss.Blink_Flag
                0x00800075        0x1 Display.o
 .bss.Element_Counter.1960
                0x00800076        0x2 Elements.o
 .bss.Element_Flag
                0x00800078        0x1 Elements.o
 .bss.Led_Counter.1793
                0x00800079        0x2 Led.o
 .bss.Status_flag
                0x0080007b        0x1 main.o
                0x0080007b                Status_flag
 .bss.Current_SSD
                0x0080007c        0x1 SSD.o
 .bss.SWs_Info  0x0080007d        0x9 Sw.o
 .bss.temp.2000
                0x00800086        0x2 Temp.o
 .bss.Measuring_Counter.1999
                0x00800088        0x1 Temp.o
 .bss.AVG_Temp  0x00800089        0x1 Temp.o
 .bss.Temp_Mode_Counter.1751
                0x0080008a        0x2 Temp_Setting.o
 .bss.Temp_Setting_Counter.1750
                0x0080008c        0x1 Temp_Setting.o
 .bss.Temp_Setting_Flag
                0x0080008d        0x1 Temp_Setting.o
 .bss.User_Temp
                0x0080008e        0x1 Temp_Setting.o
 .bss.Timer_Counter
                0x0080008f        0x2 Timers.o
 .bss.Timer1_ptr_Func
                0x00800091        0x8 Timers.o
 .bss.Timer0_ptr_Func
                0x00800099        0x4 Timers.o
 *(COMMON)
 COMMON         0x0080009d        0x5 I2C.o
                0x0080009d                Static_CallBackRX
                0x0080009f                i2c_status
                0x008000a0                Static_callBackTx
                0x008000a2                PROVIDE (__bss_end, .)
                0x000014b0                __data_load_start = LOADADDR (.data)
                0x000014c2                __data_load_end = (__data_load_start + SIZEOF (.data))

.noinit         0x008000a2        0x0
                [!provide]                PROVIDE (__noinit_start, .)
 *(.noinit*)
                [!provide]                PROVIDE (__noinit_end, .)
                0x008000a2                _end = .
                [!provide]                PROVIDE (__heap_start, .)

.eeprom         0x00810000        0x0
 *(.eeprom*)
                0x00810000                __eeprom_end = .

.fuse
 *(.fuse)
 *(.lfuse)
 *(.hfuse)
 *(.efuse)

.lock
 *(.lock*)

.signature
 *(.signature*)

.user_signatures
 *(.user_signatures*)

.stab
 *(.stab)

.stabstr
 *(.stabstr)

.stab.excl
 *(.stab.excl)

.stab.exclstr
 *(.stab.exclstr)

.stab.index
 *(.stab.index)

.stab.indexstr
 *(.stab.indexstr)

.comment        0x00000000       0x30
 *(.comment)
 .comment       0x00000000       0x30 ADC_c.o
                                 0x31 (size before relaxing)
 .comment       0x00000030       0x31 DIO.o
 .comment       0x00000030       0x31 Display.o
 .comment       0x00000030       0x31 Elements.o
 .comment       0x00000030       0x31 External_EEPROM.o
 .comment       0x00000030       0x31 I2C.o
 .comment       0x00000030       0x31 Led.o
 .comment       0x00000030       0x31 main.o
 .comment       0x00000030       0x31 SSD.o
 .comment       0x00000030       0x31 Sw.o
 .comment       0x00000030       0x31 Temp.o
 .comment       0x00000030       0x31 Temp_Setting.o
 .comment       0x00000030       0x31 Timers.o

.note.gnu.avr.deviceinfo
                0x00000000       0x3c
 .note.gnu.avr.deviceinfo
                0x00000000       0x3c C:/Program Files (x86)/Atmel/Studio/7.0/Packs/atmel/ATmega_DFP/1.2.209/gcc/dev/atmega32/avr5/crtatmega32.o

.note.gnu.build-id
 *(.note.gnu.build-id)

.debug
 *(.debug)

.line
 *(.line)

.debug_srcinfo
 *(.debug_srcinfo)

.debug_sfnames
 *(.debug_sfnames)

.debug_aranges  0x00000000      0x3e0
 *(.debug_aranges)
 .debug_aranges
                0x00000000       0x40 ADC_c.o
 .debug_aranges
                0x00000040       0x50 DIO.o
 .debug_aranges
                0x00000090       0x30 Display.o
 .debug_aranges
                0x000000c0       0x30 Elements.o
 .debug_aranges
                0x000000f0       0x30 External_EEPROM.o
 .debug_aranges
                0x00000120       0x80 I2C.o
 .debug_aranges
                0x000001a0       0x28 Led.o
 .debug_aranges
                0x000001c8       0x30 main.o
 .debug_aranges
                0x000001f8       0x40 SSD.o
 .debug_aranges
                0x00000238       0x30 Sw.o
 .debug_aranges
                0x00000268       0x30 Temp.o
 .debug_aranges
                0x00000298       0x40 Temp_Setting.o
 .debug_aranges
                0x000002d8      0x108 Timers.o

.debug_pubnames
 *(.debug_pubnames)

.debug_info     0x00000000     0x3508
 *(.debug_info .gnu.linkonce.wi.*)
 .debug_info    0x00000000      0x4e6 C:/Program Files (x86)/Atmel/Studio/7.0/Packs/atmel/ATmega_DFP/1.2.209/gcc/dev/atmega32/avr5/crtatmega32.o
 .debug_info    0x000004e6      0x2a4 ADC_c.o
 .debug_info    0x0000078a      0x3a5 DIO.o
 .debug_info    0x00000b2f      0x45f Display.o
 .debug_info    0x00000f8e      0x366 Elements.o
 .debug_info    0x000012f4      0x361 External_EEPROM.o
 .debug_info    0x00001655      0x32f I2C.o
 .debug_info    0x00001984      0x272 Led.o
 .debug_info    0x00001bf6      0x57c main.o
 .debug_info    0x00002172      0x4cb SSD.o
 .debug_info    0x0000263d      0x1b1 Sw.o
 .debug_info    0x000027ee      0x2ca Temp.o
 .debug_info    0x00002ab8      0x211 Temp_Setting.o
 .debug_info    0x00002cc9      0x83f Timers.o

.debug_abbrev   0x00000000     0x13b2
 *(.debug_abbrev)
 .debug_abbrev  0x00000000      0x4a3 C:/Program Files (x86)/Atmel/Studio/7.0/Packs/atmel/ATmega_DFP/1.2.209/gcc/dev/atmega32/avr5/crtatmega32.o
 .debug_abbrev  0x000004a3       0xfd ADC_c.o
 .debug_abbrev  0x000005a0      0x104 DIO.o
 .debug_abbrev  0x000006a4      0x101 Display.o
 .debug_abbrev  0x000007a5      0x10e Elements.o
 .debug_abbrev  0x000008b3      0x10b External_EEPROM.o
 .debug_abbrev  0x000009be      0x179 I2C.o
 .debug_abbrev  0x00000b37       0xd1 Led.o
 .debug_abbrev  0x00000c08      0x17b main.o
 .debug_abbrev  0x00000d83      0x174 SSD.o
 .debug_abbrev  0x00000ef7       0xed Sw.o
 .debug_abbrev  0x00000fe4      0x155 Temp.o
 .debug_abbrev  0x00001139      0x105 Temp_Setting.o
 .debug_abbrev  0x0000123e      0x174 Timers.o

.debug_line     0x00000000     0x1c81
 *(.debug_line .debug_line.* .debug_line_end)
 .debug_line    0x00000000      0x115 C:/Program Files (x86)/Atmel/Studio/7.0/Packs/atmel/ATmega_DFP/1.2.209/gcc/dev/atmega32/avr5/crtatmega32.o
 .debug_line    0x00000115      0x1cd ADC_c.o
 .debug_line    0x000002e2      0x2f3 DIO.o
 .debug_line    0x000005d5      0x164 Display.o
 .debug_line    0x00000739      0x159 Elements.o
 .debug_line    0x00000892      0x1ac External_EEPROM.o
 .debug_line    0x00000a3e      0x216 I2C.o
 .debug_line    0x00000c54       0xbb Led.o
 .debug_line    0x00000d0f      0x294 main.o
 .debug_line    0x00000fa3      0x168 SSD.o
 .debug_line    0x0000110b      0x19a Sw.o
 .debug_line    0x000012a5      0x1a7 Temp.o
 .debug_line    0x0000144c      0x147 Temp_Setting.o
 .debug_line    0x00001593      0x6ee Timers.o

.debug_frame    0x00000000      0x8b0
 *(.debug_frame)
 .debug_frame   0x00000000       0x64 ADC_c.o
 .debug_frame   0x00000064       0x84 DIO.o
 .debug_frame   0x000000e8       0x4c Display.o
 .debug_frame   0x00000134       0x4c Elements.o
 .debug_frame   0x00000180       0x74 External_EEPROM.o
 .debug_frame   0x000001f4      0x12c I2C.o
 .debug_frame   0x00000320       0x34 Led.o
 .debug_frame   0x00000354       0x54 main.o
 .debug_frame   0x000003a8       0x78 SSD.o
 .debug_frame   0x00000420       0x44 Sw.o
 .debug_frame   0x00000464       0x44 Temp.o
 .debug_frame   0x000004a8       0x64 Temp_Setting.o
 .debug_frame   0x0000050c      0x3a4 Timers.o

.debug_str      0x00000000     0x1624
 *(.debug_str)
 .debug_str     0x00000000      0x196 C:/Program Files (x86)/Atmel/Studio/7.0/Packs/atmel/ATmega_DFP/1.2.209/gcc/dev/atmega32/avr5/crtatmega32.o
 .debug_str     0x00000196      0x2df ADC_c.o
                                0x2fe (size before relaxing)
 .debug_str     0x00000475      0x189 DIO.o
                                0x2f3 (size before relaxing)
 .debug_str     0x000005fe      0x122 Display.o
                                0x386 (size before relaxing)
 .debug_str     0x00000720       0xa9 Elements.o
                                0x32d (size before relaxing)
 .debug_str     0x000007c9      0x253 External_EEPROM.o
                                0x3ea (size before relaxing)
 .debug_str     0x00000a1c      0x127 I2C.o
                                0x48d (size before relaxing)
 .debug_str     0x00000b43       0x34 Led.o
                                0x2cc (size before relaxing)
 .debug_str     0x00000b77      0x369 main.o
                                0x5d1 (size before relaxing)
 .debug_str     0x00000ee0       0x6a SSD.o
                                0x366 (size before relaxing)
 .debug_str     0x00000f4a       0x9e Sw.o
                                0x21c (size before relaxing)
 .debug_str     0x00000fe8       0x48 Temp.o
                                0x374 (size before relaxing)
 .debug_str     0x00001030       0x62 Temp_Setting.o
                                0x2b6 (size before relaxing)
 .debug_str     0x00001092      0x592 Timers.o
                                0x9c4 (size before relaxing)

.debug_loc      0x00000000     0x1a0e
 *(.debug_loc)
 .debug_loc     0x00000000       0xed ADC_c.o
 .debug_loc     0x000000ed      0x76f DIO.o
 .debug_loc     0x0000085c       0x82 Display.o
 .debug_loc     0x000008de       0x81 Elements.o
 .debug_loc     0x0000095f      0x2b1 External_EEPROM.o
 .debug_loc     0x00000c10      0x1ad I2C.o
 .debug_loc     0x00000dbd       0x1e Led.o
 .debug_loc     0x00000ddb      0x109 main.o
 .debug_loc     0x00000ee4      0x1ef SSD.o
 .debug_loc     0x000010d3      0x130 Sw.o
 .debug_loc     0x00001203       0x9d Temp.o
 .debug_loc     0x000012a0      0x76e Timers.o

.debug_macinfo
 *(.debug_macinfo)

.debug_weaknames
 *(.debug_weaknames)

.debug_funcnames
 *(.debug_funcnames)

.debug_typenames
 *(.debug_typenames)

.debug_varnames
 *(.debug_varnames)

.debug_pubtypes
 *(.debug_pubtypes)

.debug_ranges   0x00000000      0x310
 *(.debug_ranges)
 .debug_ranges  0x00000000       0x30 ADC_c.o
 .debug_ranges  0x00000030       0x40 DIO.o
 .debug_ranges  0x00000070       0x20 Display.o
 .debug_ranges  0x00000090       0x20 Elements.o
 .debug_ranges  0x000000b0       0x20 External_EEPROM.o
 .debug_ranges  0x000000d0       0x70 I2C.o
 .debug_ranges  0x00000140       0x18 Led.o
 .debug_ranges  0x00000158       0x20 main.o
 .debug_ranges  0x00000178       0x30 SSD.o
 .debug_ranges  0x000001a8       0x20 Sw.o
 .debug_ranges  0x000001c8       0x20 Temp.o
 .debug_ranges  0x000001e8       0x30 Temp_Setting.o
 .debug_ranges  0x00000218       0xf8 Timers.o

.debug_macro
 *(.debug_macro)
OUTPUT(WaterHeater.elf elf32-avr)
LOAD linker stubs
